// Jest Snapshot v1, https://goo.gl/fbAQLP

exports[`Test construct build Expect match snapshot 1`] = `
{
  "Parameters": {
    "BootstrapVersion": {
      "Default": "/cdk-bootstrap/hnb659fds/version",
      "Description": "Version of the CDK Bootstrap resources in this environment, automatically retrieved from SSM Parameter Store. [cdk:skip]",
      "Type": "AWS::SSM::Parameter::Value<String>",
    },
  },
  "Resources": {
    "BucketNotificationsHandler050a0587b7544547bf325f094a3db8347ECC3691": {
      "DependsOn": [
        "BucketNotificationsHandler050a0587b7544547bf325f094a3db834RoleDefaultPolicy2CF63D36",
        "BucketNotificationsHandler050a0587b7544547bf325f094a3db834RoleB6FB88EC",
      ],
      "Properties": {
        "Code": {
          "ZipFile": "import boto3  # type: ignore
import json
import logging
import urllib.request

s3 = boto3.client("s3")

EVENTBRIDGE_CONFIGURATION = 'EventBridgeConfiguration'

CONFIGURATION_TYPES = ["TopicConfigurations", "QueueConfigurations", "LambdaFunctionConfigurations"]

def handler(event: dict, context):
  response_status = "SUCCESS"
  error_message = ""
  try:
    props = event["ResourceProperties"]
    bucket = props["BucketName"]
    notification_configuration = props["NotificationConfiguration"]
    request_type = event["RequestType"]
    managed = props.get('Managed', 'true').lower() == 'true'
    stack_id = event['StackId']

    if managed:
      config = handle_managed(request_type, notification_configuration)
    else:
      config = handle_unmanaged(bucket, stack_id, request_type, notification_configuration)

    put_bucket_notification_configuration(bucket, config)
  except Exception as e:
    logging.exception("Failed to put bucket notification configuration")
    response_status = "FAILED"
    error_message = f"Error: {str(e)}. "
  finally:
    submit_response(event, context, response_status, error_message)

def handle_managed(request_type, notification_configuration):
  if request_type == 'Delete':
    return {}
  return notification_configuration

def handle_unmanaged(bucket, stack_id, request_type, notification_configuration):
  external_notifications = find_external_notifications(bucket, stack_id)

  if request_type == 'Delete':
    return external_notifications

  def with_id(notification):
    notification['Id'] = f"{stack_id}-{hash(json.dumps(notification, sort_keys=True))}"
    return notification

  notifications = {}
  for t in CONFIGURATION_TYPES:
    external = external_notifications.get(t, [])
    incoming = [with_id(n) for n in notification_configuration.get(t, [])]
    notifications[t] = external + incoming

  if EVENTBRIDGE_CONFIGURATION in notification_configuration:
    notifications[EVENTBRIDGE_CONFIGURATION] = notification_configuration[EVENTBRIDGE_CONFIGURATION]
  elif EVENTBRIDGE_CONFIGURATION in external_notifications:
    notifications[EVENTBRIDGE_CONFIGURATION] = external_notifications[EVENTBRIDGE_CONFIGURATION]

  return notifications

def find_external_notifications(bucket, stack_id):
  existing_notifications = get_bucket_notification_configuration(bucket)
  external_notifications = {}
  for t in CONFIGURATION_TYPES:
    external_notifications[t] = [n for n in existing_notifications.get(t, []) if not n['Id'].startswith(f"{stack_id}-")]

  if EVENTBRIDGE_CONFIGURATION in existing_notifications:
    external_notifications[EVENTBRIDGE_CONFIGURATION] = existing_notifications[EVENTBRIDGE_CONFIGURATION]

  return external_notifications

def get_bucket_notification_configuration(bucket):
  return s3.get_bucket_notification_configuration(Bucket=bucket)

def put_bucket_notification_configuration(bucket, notification_configuration):
  s3.put_bucket_notification_configuration(Bucket=bucket, NotificationConfiguration=notification_configuration)

def submit_response(event: dict, context, response_status: str, error_message: str):
  response_body = json.dumps(
    {
      "Status": response_status,
      "Reason": f"{error_message}See the details in CloudWatch Log Stream: {context.log_stream_name}",
      "PhysicalResourceId": event.get("PhysicalResourceId") or event["LogicalResourceId"],
      "StackId": event["StackId"],
      "RequestId": event["RequestId"],
      "LogicalResourceId": event["LogicalResourceId"],
      "NoEcho": False,
    }
  ).encode("utf-8")
  headers = {"content-type": "", "content-length": str(len(response_body))}
  try:
    req = urllib.request.Request(url=event["ResponseURL"], headers=headers, data=response_body, method="PUT")
    with urllib.request.urlopen(req) as response:
      print(response.read().decode("utf-8"))
    print("Status code: " + response.reason)
  except Exception as e:
      print("send(..) failed executing request.urlopen(..): " + str(e))
",
        },
        "Description": "AWS CloudFormation handler for "Custom::S3BucketNotifications" resources (@aws-cdk/aws-s3)",
        "Handler": "index.handler",
        "Role": {
          "Fn::GetAtt": [
            "BucketNotificationsHandler050a0587b7544547bf325f094a3db834RoleB6FB88EC",
            "Arn",
          ],
        },
        "Runtime": "python3.9",
        "Timeout": 300,
      },
      "Type": "AWS::Lambda::Function",
    },
    "BucketNotificationsHandler050a0587b7544547bf325f094a3db834RoleB6FB88EC": {
      "Properties": {
        "AssumeRolePolicyDocument": {
          "Statement": [
            {
              "Action": "sts:AssumeRole",
              "Effect": "Allow",
              "Principal": {
                "Service": "lambda.amazonaws.com",
              },
            },
          ],
          "Version": "2012-10-17",
        },
        "ManagedPolicyArns": [
          {
            "Fn::Join": [
              "",
              [
                "arn:",
                {
                  "Ref": "AWS::Partition",
                },
                ":iam::aws:policy/service-role/AWSLambdaBasicExecutionRole",
              ],
            ],
          },
        ],
      },
      "Type": "AWS::IAM::Role",
    },
    "BucketNotificationsHandler050a0587b7544547bf325f094a3db834RoleDefaultPolicy2CF63D36": {
      "Properties": {
        "PolicyDocument": {
          "Statement": [
            {
              "Action": "s3:PutBucketNotification",
              "Effect": "Allow",
              "Resource": "*",
            },
          ],
          "Version": "2012-10-17",
        },
        "PolicyName": "BucketNotificationsHandler050a0587b7544547bf325f094a3db834RoleDefaultPolicy2CF63D36",
        "Roles": [
          {
            "Ref": "BucketNotificationsHandler050a0587b7544547bf325f094a3db834RoleB6FB88EC",
          },
        ],
      },
      "Type": "AWS::IAM::Policy",
    },
    "CustomS3AutoDeleteObjectsCustomResourceProviderHandler9D90184F": {
      "DependsOn": [
        "CustomS3AutoDeleteObjectsCustomResourceProviderRole3B1BD092",
      ],
      "Properties": {
        "Code": {
          "S3Bucket": {
            "Fn::Sub": "cdk-hnb659fds-assets-\${AWS::AccountId}-\${AWS::Region}",
          },
          "S3Key": "2332a8953f2d92ebffdc01cf20d5a2fb5bf2ef29764cda4186f01c55edee8c73.zip",
        },
        "Description": {
          "Fn::Join": [
            "",
            [
              "Lambda function for auto-deleting objects in ",
              {
                "Ref": "TestConstructbucket9344DFEE",
              },
              " S3 bucket.",
            ],
          ],
        },
        "Handler": "__entrypoint__.handler",
        "MemorySize": 128,
        "Role": {
          "Fn::GetAtt": [
            "CustomS3AutoDeleteObjectsCustomResourceProviderRole3B1BD092",
            "Arn",
          ],
        },
        "Runtime": "nodejs14.x",
        "Timeout": 900,
      },
      "Type": "AWS::Lambda::Function",
    },
    "CustomS3AutoDeleteObjectsCustomResourceProviderRole3B1BD092": {
      "Properties": {
        "AssumeRolePolicyDocument": {
          "Statement": [
            {
              "Action": "sts:AssumeRole",
              "Effect": "Allow",
              "Principal": {
                "Service": "lambda.amazonaws.com",
              },
            },
          ],
          "Version": "2012-10-17",
        },
        "ManagedPolicyArns": [
          {
            "Fn::Sub": "arn:\${AWS::Partition}:iam::aws:policy/service-role/AWSLambdaBasicExecutionRole",
          },
        ],
      },
      "Type": "AWS::IAM::Role",
    },
    "TestConstructbucket9344DFEE": {
      "DeletionPolicy": "Delete",
      "Properties": {
        "BucketName": "demo",
        "Tags": [
          {
            "Key": "aws-cdk:auto-delete-objects",
            "Value": "true",
          },
        ],
      },
      "Type": "AWS::S3::Bucket",
      "UpdateReplacePolicy": "Delete",
    },
    "TestConstructbucketAllowBucketNotificationsToTestStackTestConstructthumbnail496A79F91B80FF1A": {
      "Properties": {
        "Action": "lambda:InvokeFunction",
        "FunctionName": {
          "Fn::GetAtt": [
            "TestConstructthumbnail2E204B2A",
            "Arn",
          ],
        },
        "Principal": "s3.amazonaws.com",
        "SourceAccount": {
          "Ref": "AWS::AccountId",
        },
        "SourceArn": {
          "Fn::GetAtt": [
            "TestConstructbucket9344DFEE",
            "Arn",
          ],
        },
      },
      "Type": "AWS::Lambda::Permission",
    },
    "TestConstructbucketAutoDeleteObjectsCustomResourceBC4E1B6D": {
      "DeletionPolicy": "Delete",
      "DependsOn": [
        "TestConstructbucketPolicy91D5972F",
      ],
      "Properties": {
        "BucketName": {
          "Ref": "TestConstructbucket9344DFEE",
        },
        "ServiceToken": {
          "Fn::GetAtt": [
            "CustomS3AutoDeleteObjectsCustomResourceProviderHandler9D90184F",
            "Arn",
          ],
        },
      },
      "Type": "Custom::S3AutoDeleteObjects",
      "UpdateReplacePolicy": "Delete",
    },
    "TestConstructbucketNotificationsB89BAFAF": {
      "DependsOn": [
        "TestConstructbucketAllowBucketNotificationsToTestStackTestConstructthumbnail496A79F91B80FF1A",
      ],
      "Properties": {
        "BucketName": {
          "Ref": "TestConstructbucket9344DFEE",
        },
        "Managed": true,
        "NotificationConfiguration": {
          "LambdaFunctionConfigurations": [
            {
              "Events": [
                "s3:ObjectCreated:*",
              ],
              "LambdaFunctionArn": {
                "Fn::GetAtt": [
                  "TestConstructthumbnail2E204B2A",
                  "Arn",
                ],
              },
            },
          ],
        },
        "ServiceToken": {
          "Fn::GetAtt": [
            "BucketNotificationsHandler050a0587b7544547bf325f094a3db8347ECC3691",
            "Arn",
          ],
        },
      },
      "Type": "Custom::S3BucketNotifications",
    },
    "TestConstructbucketPolicy91D5972F": {
      "Properties": {
        "Bucket": {
          "Ref": "TestConstructbucket9344DFEE",
        },
        "PolicyDocument": {
          "Statement": [
            {
              "Action": [
                "s3:GetBucket*",
                "s3:List*",
                "s3:DeleteObject*",
              ],
              "Effect": "Allow",
              "Principal": {
                "AWS": {
                  "Fn::GetAtt": [
                    "CustomS3AutoDeleteObjectsCustomResourceProviderRole3B1BD092",
                    "Arn",
                  ],
                },
              },
              "Resource": [
                {
                  "Fn::GetAtt": [
                    "TestConstructbucket9344DFEE",
                    "Arn",
                  ],
                },
                {
                  "Fn::Join": [
                    "",
                    [
                      {
                        "Fn::GetAtt": [
                          "TestConstructbucket9344DFEE",
                          "Arn",
                        ],
                      },
                      "/*",
                    ],
                  ],
                },
              ],
            },
          ],
          "Version": "2012-10-17",
        },
      },
      "Type": "AWS::S3::BucketPolicy",
    },
    "TestConstructdestBucketAutoDeleteObjectsCustomResource0F7D9A26": {
      "DeletionPolicy": "Delete",
      "DependsOn": [
        "TestConstructdestBucketPolicy40853457",
      ],
      "Properties": {
        "BucketName": {
          "Ref": "TestConstructdestBucketBA843F6A",
        },
        "ServiceToken": {
          "Fn::GetAtt": [
            "CustomS3AutoDeleteObjectsCustomResourceProviderHandler9D90184F",
            "Arn",
          ],
        },
      },
      "Type": "Custom::S3AutoDeleteObjects",
      "UpdateReplacePolicy": "Delete",
    },
    "TestConstructdestBucketBA843F6A": {
      "DeletionPolicy": "Delete",
      "Properties": {
        "BucketName": "demo-resized",
        "Tags": [
          {
            "Key": "aws-cdk:auto-delete-objects",
            "Value": "true",
          },
        ],
      },
      "Type": "AWS::S3::Bucket",
      "UpdateReplacePolicy": "Delete",
    },
    "TestConstructdestBucketPolicy40853457": {
      "Properties": {
        "Bucket": {
          "Ref": "TestConstructdestBucketBA843F6A",
        },
        "PolicyDocument": {
          "Statement": [
            {
              "Action": [
                "s3:GetBucket*",
                "s3:List*",
                "s3:DeleteObject*",
              ],
              "Effect": "Allow",
              "Principal": {
                "AWS": {
                  "Fn::GetAtt": [
                    "CustomS3AutoDeleteObjectsCustomResourceProviderRole3B1BD092",
                    "Arn",
                  ],
                },
              },
              "Resource": [
                {
                  "Fn::GetAtt": [
                    "TestConstructdestBucketBA843F6A",
                    "Arn",
                  ],
                },
                {
                  "Fn::Join": [
                    "",
                    [
                      {
                        "Fn::GetAtt": [
                          "TestConstructdestBucketBA843F6A",
                          "Arn",
                        ],
                      },
                      "/*",
                    ],
                  ],
                },
              ],
            },
          ],
          "Version": "2012-10-17",
        },
      },
      "Type": "AWS::S3::BucketPolicy",
    },
    "TestConstructthumbnail2E204B2A": {
      "DependsOn": [
        "TestConstructthumbnailServiceRoleDefaultPolicy83483DBA",
        "TestConstructthumbnailServiceRoleC1AF2B65",
      ],
      "Properties": {
        "Code": {
          "S3Bucket": {
            "Fn::Sub": "cdk-hnb659fds-assets-\${AWS::AccountId}-\${AWS::Region}",
          },
          "S3Key": Any<String>,
        },
        "Environment": {
          "Variables": {
            "AWS_NODEJS_CONNECTION_REUSE_ENABLED": "1",
            "DEST_BUCKET": {
              "Ref": "TestConstructdestBucketBA843F6A",
            },
            "RESIZE_WIDTH": "100",
            "SUPPORT_IMAGE_TYPES": "png,jpg",
          },
        },
        "Handler": "index.handler",
        "MemorySize": 1024,
        "Role": {
          "Fn::GetAtt": [
            "TestConstructthumbnailServiceRoleC1AF2B65",
            "Arn",
          ],
        },
        "Runtime": "nodejs18.x",
        "Timeout": 60,
        "TracingConfig": {
          "Mode": "Active",
        },
      },
      "Type": "AWS::Lambda::Function",
    },
    "TestConstructthumbnailServiceRoleC1AF2B65": {
      "Properties": {
        "AssumeRolePolicyDocument": {
          "Statement": [
            {
              "Action": "sts:AssumeRole",
              "Effect": "Allow",
              "Principal": {
                "Service": "lambda.amazonaws.com",
              },
            },
          ],
          "Version": "2012-10-17",
        },
        "ManagedPolicyArns": [
          {
            "Fn::Join": [
              "",
              [
                "arn:",
                {
                  "Ref": "AWS::Partition",
                },
                ":iam::aws:policy/service-role/AWSLambdaBasicExecutionRole",
              ],
            ],
          },
        ],
      },
      "Type": "AWS::IAM::Role",
    },
    "TestConstructthumbnailServiceRoleDefaultPolicy83483DBA": {
      "Properties": {
        "PolicyDocument": {
          "Statement": [
            {
              "Action": [
                "xray:PutTraceSegments",
                "xray:PutTelemetryRecords",
              ],
              "Effect": "Allow",
              "Resource": "*",
            },
            {
              "Action": [
                "s3:GetObject*",
                "s3:GetBucket*",
                "s3:List*",
              ],
              "Effect": "Allow",
              "Resource": [
                {
                  "Fn::GetAtt": [
                    "TestConstructbucket9344DFEE",
                    "Arn",
                  ],
                },
                {
                  "Fn::Join": [
                    "",
                    [
                      {
                        "Fn::GetAtt": [
                          "TestConstructbucket9344DFEE",
                          "Arn",
                        ],
                      },
                      "/*",
                    ],
                  ],
                },
              ],
            },
            {
              "Action": [
                "s3:DeleteObject*",
                "s3:PutObject",
                "s3:PutObjectLegalHold",
                "s3:PutObjectRetention",
                "s3:PutObjectTagging",
                "s3:PutObjectVersionTagging",
                "s3:Abort*",
              ],
              "Effect": "Allow",
              "Resource": [
                {
                  "Fn::GetAtt": [
                    "TestConstructdestBucketBA843F6A",
                    "Arn",
                  ],
                },
                {
                  "Fn::Join": [
                    "",
                    [
                      {
                        "Fn::GetAtt": [
                          "TestConstructdestBucketBA843F6A",
                          "Arn",
                        ],
                      },
                      "/*",
                    ],
                  ],
                },
              ],
            },
          ],
          "Version": "2012-10-17",
        },
        "PolicyName": "TestConstructthumbnailServiceRoleDefaultPolicy83483DBA",
        "Roles": [
          {
            "Ref": "TestConstructthumbnailServiceRoleC1AF2B65",
          },
        ],
      },
      "Type": "AWS::IAM::Policy",
    },
  },
  "Rules": {
    "CheckBootstrapVersion": {
      "Assertions": [
        {
          "Assert": {
            "Fn::Not": [
              {
                "Fn::Contains": [
                  [
                    "1",
                    "2",
                    "3",
                    "4",
                    "5",
                  ],
                  {
                    "Ref": "BootstrapVersion",
                  },
                ],
              },
            ],
          },
          "AssertDescription": "CDK bootstrap stack version 6 required. Please run 'cdk bootstrap' with a recent version of the CDK CLI.",
        },
      ],
    },
  },
}
`;
